/:  void[0]
  char[10]        a1
  int[3]          int1
  void[0]         yy
  void[0]         xx
  void[0]         int2
  char[10]        aa
/a1:  char[10]
    "library OK"
  char[10]        c1
  char[10]        b1
/a1/c1:  char[10]
    "MIT RULES!"
/a1/b1:  char[10]
    "LHPC-AFF !"
/int1:  int[3]
        0           1
        1           2
        2           3
  int[3]          b1
  int[3]          c1
/int1/b1:  int[3]
        0           2
        1           3
        2           5
/int1/c1:  int[3]
        0           7
        1          11
        2          13
/yy:  void[0]
  char[10]        aa
/yy/aa:  char[10]
    "rewrite in"
/xx:  void[0]
  char[10]        aa
/xx/aa:  char[10]
    "asdfasdfas"
/int2:  void[0]
  int[3]          b1
  int[3]          c1
/int2/b1:  int[3]
        0           2
        1           3
        2           5
/int2/c1:  int[3]
        0           7
        1          11
        2          13
/aa:  char[10]
    "asdfasdfas"
  char[10]        c1
  char[10]        b1
/aa/c1:  char[10]
    "MIT RULES!"
/aa/b1:  char[10]
    "LHPC-AFF !"
